PATH/_R_DEEPMD_VERSION_/_R_MODEL_FILES_/_R_LAMMPS_IN_FILE_/_R_DATA_FILE_/_R_RERUN_FILE_/_R_PLUMED_FILES_/
silica_water_1_00001/3.0/graph_1_001_compressed.pb" "graph_2_001_compressed.pb" "graph_3_001_compressed.pb/silica_water_1_002.in/001_silica_water_3_00003_00001.lmp///
silica_water_1_00002/3.0/graph_1_001_compressed.pb" "graph_2_001_compressed.pb" "graph_3_001_compressed.pb/silica_water_1_002.in/001_silica_water_2_00003_00002.lmp///
silica_water_1_00003/3.0/graph_1_001_compressed.pb" "graph_2_001_compressed.pb" "graph_3_001_compressed.pb/silica_water_1_002.in/001_silica_water_2_00002_00004.lmp///
silica_water_1_00004/3.0/graph_1_001_compressed.pb" "graph_2_001_compressed.pb" "graph_3_001_compressed.pb/silica_water_1_002.in/001_silica_water_1_00003_00002.lmp///
silica_water_1_00005/3.0/graph_1_001_compressed.pb" "graph_2_001_compressed.pb" "graph_3_001_compressed.pb/silica_water_1_002.in/001_silica_water_3_00001_00002.lmp///
silica_water_1_00006/3.0/graph_1_001_compressed.pb" "graph_2_001_compressed.pb" "graph_3_001_compressed.pb/silica_water_1_002.in/001_silica_water_3_00002_00003.lmp///
silica_water_1_00007/3.0/graph_1_001_compressed.pb" "graph_2_001_compressed.pb" "graph_3_001_compressed.pb/silica_water_1_002.in/001_silica_water_1_00002_00002.lmp///
silica_water_1_00008/3.0/graph_1_001_compressed.pb" "graph_2_001_compressed.pb" "graph_3_001_compressed.pb/silica_water_1_002.in/001_silica_water_1_00002_00002.lmp///
silica_water_1_00009/3.0/graph_1_001_compressed.pb" "graph_2_001_compressed.pb" "graph_3_001_compressed.pb/silica_water_1_002.in/001_silica_water_3_00001_00002.lmp///
silica_water_1_00010/3.0/graph_1_001_compressed.pb" "graph_2_001_compressed.pb" "graph_3_001_compressed.pb/silica_water_1_002.in/001_silica_water_3_00002_00003.lmp///
silica_water_1_00011/3.0/graph_1_001_compressed.pb" "graph_2_001_compressed.pb" "graph_3_001_compressed.pb/silica_water_1_002.in/001_silica_water_2_00002_00004.lmp///
silica_water_1_00012/3.0/graph_1_001_compressed.pb" "graph_2_001_compressed.pb" "graph_3_001_compressed.pb/silica_water_1_002.in/001_silica_water_1_00003_00002.lmp///
silica_water_1_00013/3.0/graph_1_001_compressed.pb" "graph_2_001_compressed.pb" "graph_3_001_compressed.pb/silica_water_1_002.in/001_silica_water_3_00003_00001.lmp///
silica_water_1_00014/3.0/graph_1_001_compressed.pb" "graph_2_001_compressed.pb" "graph_3_001_compressed.pb/silica_water_1_002.in/001_silica_water_2_00003_00002.lmp///
silica_water_1_00015/3.0/graph_1_001_compressed.pb" "graph_2_001_compressed.pb" "graph_3_001_compressed.pb/silica_water_1_002.in/001_silica_water_2_00002_00004.lmp///
silica_water_1_00016/3.0/graph_1_001_compressed.pb" "graph_2_001_compressed.pb" "graph_3_001_compressed.pb/silica_water_1_002.in/001_silica_water_2_00003_00002.lmp///
silica_water_1_00017/3.0/graph_1_001_compressed.pb" "graph_2_001_compressed.pb" "graph_3_001_compressed.pb/silica_water_1_002.in/001_silica_water_3_00002_00003.lmp///
silica_water_1_00018/3.0/graph_1_001_compressed.pb" "graph_2_001_compressed.pb" "graph_3_001_compressed.pb/silica_water_1_002.in/001_silica_water_1_00002_00002.lmp///
silica_water_1_00019/3.0/graph_1_001_compressed.pb" "graph_2_001_compressed.pb" "graph_3_001_compressed.pb/silica_water_1_002.in/001_silica_water_1_00003_00002.lmp///
silica_water_1_00020/3.0/graph_1_001_compressed.pb" "graph_2_001_compressed.pb" "graph_3_001_compressed.pb/silica_water_1_002.in/001_silica_water_3_00001_00002.lmp///
silica_water_2_00001/3.0/graph_2_001_compressed.pb" "graph_3_001_compressed.pb" "graph_1_001_compressed.pb/silica_water_2_002.in/001_silica_water_3_00003_00001.lmp///
silica_water_2_00002/3.0/graph_2_001_compressed.pb" "graph_3_001_compressed.pb" "graph_1_001_compressed.pb/silica_water_2_002.in/001_silica_water_3_00001_00002.lmp///
silica_water_2_00003/3.0/graph_2_001_compressed.pb" "graph_3_001_compressed.pb" "graph_1_001_compressed.pb/silica_water_2_002.in/001_silica_water_3_00002_00003.lmp///
silica_water_2_00004/3.0/graph_2_001_compressed.pb" "graph_3_001_compressed.pb" "graph_1_001_compressed.pb/silica_water_2_002.in/001_silica_water_2_00002_00004.lmp///
silica_water_2_00005/3.0/graph_2_001_compressed.pb" "graph_3_001_compressed.pb" "graph_1_001_compressed.pb/silica_water_2_002.in/001_silica_water_3_00003_00001.lmp///
silica_water_2_00006/3.0/graph_2_001_compressed.pb" "graph_3_001_compressed.pb" "graph_1_001_compressed.pb/silica_water_2_002.in/001_silica_water_1_00003_00002.lmp///
silica_water_2_00007/3.0/graph_2_001_compressed.pb" "graph_3_001_compressed.pb" "graph_1_001_compressed.pb/silica_water_2_002.in/001_silica_water_2_00003_00002.lmp///
silica_water_2_00008/3.0/graph_2_001_compressed.pb" "graph_3_001_compressed.pb" "graph_1_001_compressed.pb/silica_water_2_002.in/001_silica_water_1_00002_00002.lmp///
silica_water_2_00009/3.0/graph_2_001_compressed.pb" "graph_3_001_compressed.pb" "graph_1_001_compressed.pb/silica_water_2_002.in/001_silica_water_2_00003_00002.lmp///
silica_water_2_00010/3.0/graph_2_001_compressed.pb" "graph_3_001_compressed.pb" "graph_1_001_compressed.pb/silica_water_2_002.in/001_silica_water_3_00003_00001.lmp///
silica_water_2_00011/3.0/graph_2_001_compressed.pb" "graph_3_001_compressed.pb" "graph_1_001_compressed.pb/silica_water_2_002.in/001_silica_water_3_00001_00002.lmp///
silica_water_2_00012/3.0/graph_2_001_compressed.pb" "graph_3_001_compressed.pb" "graph_1_001_compressed.pb/silica_water_2_002.in/001_silica_water_3_00002_00003.lmp///
silica_water_2_00013/3.0/graph_2_001_compressed.pb" "graph_3_001_compressed.pb" "graph_1_001_compressed.pb/silica_water_2_002.in/001_silica_water_2_00002_00004.lmp///
silica_water_2_00014/3.0/graph_2_001_compressed.pb" "graph_3_001_compressed.pb" "graph_1_001_compressed.pb/silica_water_2_002.in/001_silica_water_1_00003_00002.lmp///
silica_water_2_00015/3.0/graph_2_001_compressed.pb" "graph_3_001_compressed.pb" "graph_1_001_compressed.pb/silica_water_2_002.in/001_silica_water_1_00002_00002.lmp///
silica_water_2_00016/3.0/graph_2_001_compressed.pb" "graph_3_001_compressed.pb" "graph_1_001_compressed.pb/silica_water_2_002.in/001_silica_water_2_00003_00002.lmp///
silica_water_2_00017/3.0/graph_2_001_compressed.pb" "graph_3_001_compressed.pb" "graph_1_001_compressed.pb/silica_water_2_002.in/001_silica_water_1_00003_00002.lmp///
silica_water_2_00018/3.0/graph_2_001_compressed.pb" "graph_3_001_compressed.pb" "graph_1_001_compressed.pb/silica_water_2_002.in/001_silica_water_3_00002_00003.lmp///
silica_water_2_00019/3.0/graph_2_001_compressed.pb" "graph_3_001_compressed.pb" "graph_1_001_compressed.pb/silica_water_2_002.in/001_silica_water_1_00002_00002.lmp///
silica_water_2_00020/3.0/graph_2_001_compressed.pb" "graph_3_001_compressed.pb" "graph_1_001_compressed.pb/silica_water_2_002.in/001_silica_water_3_00001_00002.lmp///
silica_water_3_00001/3.0/graph_3_001_compressed.pb" "graph_1_001_compressed.pb" "graph_2_001_compressed.pb/silica_water_3_002.in/001_silica_water_2_00002_00004.lmp///
silica_water_3_00002/3.0/graph_3_001_compressed.pb" "graph_1_001_compressed.pb" "graph_2_001_compressed.pb/silica_water_3_002.in/001_silica_water_3_00003_00001.lmp///
silica_water_3_00003/3.0/graph_3_001_compressed.pb" "graph_1_001_compressed.pb" "graph_2_001_compressed.pb/silica_water_3_002.in/001_silica_water_1_00003_00002.lmp///
silica_water_3_00004/3.0/graph_3_001_compressed.pb" "graph_1_001_compressed.pb" "graph_2_001_compressed.pb/silica_water_3_002.in/001_silica_water_3_00002_00003.lmp///
silica_water_3_00005/3.0/graph_3_001_compressed.pb" "graph_1_001_compressed.pb" "graph_2_001_compressed.pb/silica_water_3_002.in/001_silica_water_3_00001_00002.lmp///
silica_water_3_00006/3.0/graph_3_001_compressed.pb" "graph_1_001_compressed.pb" "graph_2_001_compressed.pb/silica_water_3_002.in/001_silica_water_1_00002_00002.lmp///
silica_water_3_00007/3.0/graph_3_001_compressed.pb" "graph_1_001_compressed.pb" "graph_2_001_compressed.pb/silica_water_3_002.in/001_silica_water_2_00002_00004.lmp///
silica_water_3_00008/3.0/graph_3_001_compressed.pb" "graph_1_001_compressed.pb" "graph_2_001_compressed.pb/silica_water_3_002.in/001_silica_water_3_00003_00001.lmp///
silica_water_3_00009/3.0/graph_3_001_compressed.pb" "graph_1_001_compressed.pb" "graph_2_001_compressed.pb/silica_water_3_002.in/001_silica_water_2_00003_00002.lmp///
silica_water_3_00010/3.0/graph_3_001_compressed.pb" "graph_1_001_compressed.pb" "graph_2_001_compressed.pb/silica_water_3_002.in/001_silica_water_1_00003_00002.lmp///
silica_water_3_00011/3.0/graph_3_001_compressed.pb" "graph_1_001_compressed.pb" "graph_2_001_compressed.pb/silica_water_3_002.in/001_silica_water_2_00003_00002.lmp///
silica_water_3_00012/3.0/graph_3_001_compressed.pb" "graph_1_001_compressed.pb" "graph_2_001_compressed.pb/silica_water_3_002.in/001_silica_water_3_00001_00002.lmp///
silica_water_3_00013/3.0/graph_3_001_compressed.pb" "graph_1_001_compressed.pb" "graph_2_001_compressed.pb/silica_water_3_002.in/001_silica_water_3_00002_00003.lmp///
silica_water_3_00014/3.0/graph_3_001_compressed.pb" "graph_1_001_compressed.pb" "graph_2_001_compressed.pb/silica_water_3_002.in/001_silica_water_3_00003_00001.lmp///
silica_water_3_00015/3.0/graph_3_001_compressed.pb" "graph_1_001_compressed.pb" "graph_2_001_compressed.pb/silica_water_3_002.in/001_silica_water_2_00002_00004.lmp///
silica_water_3_00016/3.0/graph_3_001_compressed.pb" "graph_1_001_compressed.pb" "graph_2_001_compressed.pb/silica_water_3_002.in/001_silica_water_1_00002_00002.lmp///
silica_water_3_00017/3.0/graph_3_001_compressed.pb" "graph_1_001_compressed.pb" "graph_2_001_compressed.pb/silica_water_3_002.in/001_silica_water_3_00002_00003.lmp///
silica_water_3_00018/3.0/graph_3_001_compressed.pb" "graph_1_001_compressed.pb" "graph_2_001_compressed.pb/silica_water_3_002.in/001_silica_water_3_00003_00001.lmp///
silica_water_3_00019/3.0/graph_3_001_compressed.pb" "graph_1_001_compressed.pb" "graph_2_001_compressed.pb/silica_water_3_002.in/001_silica_water_3_00001_00002.lmp///
silica_water_3_00020/3.0/graph_3_001_compressed.pb" "graph_1_001_compressed.pb" "graph_2_001_compressed.pb/silica_water_3_002.in/001_silica_water_2_00003_00002.lmp///
